【Step 1】开始初始化：正在直接读取本地 Excel 历史数据文件...
⚡ 本地直读模式：统一从 2022-10-01 起截取数据...
✅ 成功读取：普林格宏观调仓明细表
✅ 成功加载并合并本地 Excel 历史数据文件！

正在逐一扫描底层资产的有效数据起始日...
  - 沪深300ETF   数据起始: 2019-12-31
  - 中证1000ETF  数据起始: 2019-12-31
  - 创业板指ETF    数据起始: 2019-12-31
  - 恒生科技ETF    数据起始: 2021-05-25
  - 博时可转债ETF   数据起始: 2020-04-07
  - 大成有色ETF    数据起始: 2019-12-31
  - 华安黄金ETF    数据起始: 2019-12-31
  - 建信能化ETF    数据起始: 2020-01-17
  - 华夏豆粕ETF    数据起始: 2019-12-31
  - 中欧纯债LOF    数据起始: 2019-12-31

============================================================
🔍 【木桶短板扫描完成】
最晚出现数据的底层标的为：恒生科技ETF
🎯 统一实盘回测起点将被强制对齐至: 【2021-05-25】
============================================================

🎉 Step 1 本地数据准备完毕！共计获取 1195 个交易日数据。准备进入逻辑运算...


========== 开始执行 Step 2: 构建实盘等权引擎与对齐宏观权重 ==========
正在合成【股票端】实盘等权宽基引擎 (沪深300/中证1000/创业板/恒生科技)...
正在合成【商品端】实盘等权商品引擎 (有色/黄金/能化/豆粕)...
正在抽取并对齐普林格宏观权重...
✅ Step 2 数据合成完毕！实盘引擎底座已就绪，起始日：2021-05-25。

========== 开始执行 Step 3: 【实盘四核防御形态】纯粹 MA20 基准版 ==========
✅ 避险目标锁定：当触发标准 MA20 跌破时，资金将全额撤离至 [中欧纯债LOF]

========================= 实盘全景回测：(全量逃逸版) 核心绩效 =========================
              策略     年化      回撤    夏普    波动率  卡玛比率
 沪深300ETF (大盘基准) -2.25% -40.38% -0.24 17.68% -0.06
    理论原版 (无避险满仓) 10.47% -18.40%  0.58 14.48%  0.57
实盘四核终极版 (全入纯债底仓) 14.07% -11.15%  0.88 13.68%  1.26

正在渲染带季度坐标轴的全景甘特图与资金分布...
[saved figure] C:\Users\Coeur\Desktop\红筹投资\组合构建\组合的诞生\site_assets\figures\live\step03_fig01.png

========== 开始执行 Step 4: 生成【实盘详细调仓记录表】 ==========

✅ 成功导出！本地版审计账单已生成至：【实盘四核形态_本地版调仓日志.xlsx】

========== 实盘调仓审计日志 (最近 10 次动作) ==========
      开始日期  交易天数          触发调仓逻辑 股端MA20触发价 商端MA20触发价 【股】合成价格 【商】合成价格
2025-04-28     1  🟢股端收复MA20-买回宽基    1.1035       不适用  1.0996  1.4715
2025-04-29     1 🔴股端击穿MA20-撤退至纯债    1.0996       不适用  1.0989  1.4669
2025-04-30    16  🟢股端收复MA20-买回宽基    1.0963       不适用  1.1069  1.4587
2025-05-27     3 🔴股端击穿MA20-撤退至纯债    1.1316       不适用  1.1226  1.4684
2025-05-30     1  🟢股端收复MA20-买回宽基    1.1354       不适用  1.1256  1.4618
2025-06-03     3 🔴股端击穿MA20-撤退至纯债    1.1367       不适用  1.1284  1.4622
2025-06-06     9  🟢股端收复MA20-买回宽基    1.1390       不适用  1.1460  1.4813
2025-06-19     4 🔴股端击穿MA20-撤退至纯债    1.1410       不适用  1.1227  1.5180
2025-06-25     3  🟢股端收复MA20-买回宽基    1.1395       不适用  1.1718  1.4892
2025-06-30   202          宏观季度调仓       不适用       不适用  1.1757  1.4867